ent@csi6203:~/CSI6203/portfolio$ git init
Reinitialized existing Git repository in /home/student/CSI6203/portfolio/.git/
student@csi6203:~/CSI6203/portfolio$ git add .
warning: adding embedded git repository: week_2
hint: You've added another git repository inside your current repository.
hint: Clones of the outer repository will not contain the contents of
hint: the embedded repository and will not know how to obtain it.
hint: If you meant to add a submodule, use:
hint: 
hint:   git submodule add <url> week_2
hint: 
hint: If you added this path by mistake, you can remove it from the
hint: index with:
hint: 
hint:   git rm --cached week_2
hint: 
hint: See "git help submodule" for more information.
warning: adding embedded git repository: week_6
student@csi6203:~/CSI6203/portfolio$ git rm --cached week_2
error: the following file has staged content different from both the
file and the HEAD:
    week_2
(use -f to force removal)
student@csi6203:~/CSI6203/portfolio$ git -f rm --cached week_2
unknown option: -f
usage: git [--version] [--help] [-C <path>] [-c <name>=<value>]
           [--exec-path[=<path>]] [--html-path] [--man-path] [--info-path]
           [-p | --paginate | -P | --no-pager] [--no-replace-objects] [--bare]
           [--git-dir=<path>] [--work-tree=<path>] [--namespace=<name>]
           <command> [<args>]
student@csi6203:~/CSI6203/portfolio$ git init
Reinitialized existing Git repository in /home/student/CSI6203/portfolio/.git/
student@csi6203:~/CSI6203/portfolio$ git commit
Aborting commit due to empty commit message.
student@csi6203:~/CSI6203/portfolio$ git commit -m 'workshop 7'
[master (root-commit) 87ccf2e] workshop 7
 36 files changed, 821 insertions(+)
 create mode 100755 git.sh
 create mode 100755 week_1/first.sh
 create mode 100755 week_1/second.sh
 create mode 160000 week_2
 create mode 100755 week_3/cases.sh
 create mode 100755 week_3/countArgs.sh
 create mode 100644 week_3/file0.txt
 create mode 100755 week_3/file1.txt
 create mode 100755 week_3/file2.txt
 create mode 100755 week_3/folderCopier.sh
 create mode 100755 week_3/readSec.sh
 create mode 100644 week_3/secret.txt
 create mode 100644 week_3/userInput.txt
 create mode 100755 week_4/calc.sh
 create mode 100755 week_4/folderCopier.sh
 create mode 100644 week_4/shellscript.json
 create mode 100644 week_4/userInput.txt
 create mode 100755 week_5/downloader.sh
 create mode 100644 week_5/file0.txt
 create mode 100755 week_5/file1.txt
 create mode 100755 week_5/file2.txt
 create mode 100755 week_5/fileNames.sh
 create mode 100644 week_5/fileNames.txt
 create mode 100755 week_5/megaFolderMaker.sh
 create mode 100755 week_5/megaMenu.sh
 create mode 100755 week_5/task3loop.sh
 create mode 160000 week_6
 create mode 100755 week_7/ipAddressesOnly.sh
 create mode 100755 week_7/ipInfo.sh
 create mode 100755 week_7/linuxFinder.sh
 create mode 100644 week_7/linuxInfo.txt
 create mode 100644 week_7/newText.txt
 create mode 100755 week_7/sampleText.txt
 create mode 100755 week_7/shorterTriangles.sh
 create mode 100644 week_7/task1.sh
 create mode 100755 week_7/webTitle.sh
student@csi6203:~/CSI6203/portfolio$ git push -u origin master
fatal: 'origin' does not appear to be a git repository
fatal: Could not read from remote repository.

Please make sure you have the correct access rights
and the repository exists.
student@csi6203:~/CSI6203/portfolio$ git init
Reinitialized existing Git repository in /home/student/CSI6203/portfolio/.git/
student@csi6203:~/CSI6203/portfolio$ git add .
student@csi6203:~/CSI6203/portfolio$ git commit -m 'workshop 7'
On branch master
Changes not staged for commit:
        modified:   week_2 (untracked content)
        modified:   week_6 (modified content, untracked content)

no changes added to commit
student@csi6203:~/CSI6203/portfolio$ git push -u origin master
fatal: 'origin' does not appear to be a git repository
fatal: Could not read from remote repository.

Please make sure you have the correct access rights
and the repository exists.
student@csi6203:~/CSI6203/portfolio$ git remote add origin https://github.com/jmaccan/CSI6203.git
student@csi6203:~/CSI6203/portfolio$ git push -u origin master
Username for 'https://github.com': jmaccan
Password for 'https://jmaccan@github.com': 
To https://github.com/jmaccan/CSI6203.git
 ! [rejected]        master -> master (fetch first)
error: failed to push some refs to 'https://github.com/jmaccan/CSI6203.git'
hint: Updates were rejected because the remote contains work that you do                                                                                                                      
hint: not have locally. This is usually caused by another repository pushing
hint: to the same ref. You may want to first integrate the remote changes
hint: (e.g., 'git pull ...') before pushing again.
hint: See the 'Note about fast-forwards' in 'git push --help' for details.

